41
27
+++++++++++++++++++++++++++++++++++++++++
+              -                        +
+              -                        +
+              -                        +
+              -               ---------+
+              -               -        +
+              -               -        +
+              -               -        +
+        -----------------     -        +
+                                       +
+                                       +
+                                       +
+----------------                       +
+               ---                     +
+               -                       +
+               -                       +
+               -         ---    -------+
+        --------         -             +
+        -                -             +
+        -                -             +
+        -                -             +
+        -          -------             +
+        -                -             +
+                         -             +
+                         -             +
+                  T      -             +
+++++++++++++++++++++++++++++++++++++++++
