200
200
++++++++++++++++++++++++++++++++++++++++++++++++++++++++++++++++++++++++++++++++++++++++++++++++++++++++++++++++++++++++++++++++++++++++++++++++++++++++++++++++++++++++++++++++++++++++++++++++++++++++
+                                                                                                                                                                                                      +
+                                                                                                                                                                                                      +
+                                                                         -                                                                                                                            +
+                                                                         -                                                                                                                          --+
+                                                                         -                                                                                                                            +
+                                                                         -                                                                                                                    -------D+
+                                                                         -                                                                                                                            +
+     ------------------------------                                      -                                                                                                                            +
+             -                                                           -                                                                                                      -                     +
+             -                                                           -                                                                                                      -                     +
+             -                                                           -                                                                                                      -                     +
+             -                                                           -     ---                                                                                              -                     +
+             -                                                           -                                                                                                      -                     +
+             -                                                           -                                                                                                      -                     +
+             -                                                           -                                                                                                      -                     +
+             -                                                           -                                                                                                      -                     +
+             -                                                           -  -                                                                                                   -                     +
+             -                                                           -  -                                                                                                   - -                   +
+             -                                                           -  -                                                                                                   -                     +
+             -                                                           -  -                                                                                                   -                     +
+             -                                                           -  -                                                                                                   -                     +
+             -                                                           -  -                                                                                                   D                     +
+             -                                                           -  -                                                                                                   -                     +
+             -                                                           -  ------------------------------                                                                      -                     +
+             -                                                           -                                                                                                      -                     +
+             -           -         -                                     -                                                                                                      -                     +
+-            -           -                                               -                                                                                                      -                     +
+             -           -                                               -                                                                                                      -                     +
+             -           -                                               -                                          ---------------------------------                           -                     +
+             -           -                                               -                                                                                                      -                     +
+             -           -                                               -                                                                                                      -                     +
+             -           -                                               -                                                                                                      -                     +
+             -           -                 -                             -                                                                                                   -------------------------+
+             -           -                 -                             -                                                                                         ---D--------------------------     +
+                         -                 -                             -                                                                                                      -                     +
+                         -       -         -                             -                                                                                                      -                     +
+                         -       -         -                             -                                                                                                      -                     +
+                         -       -         -               -             -                                     -                                                       -------------------------------+
+                         -       -         -               -             -         -                           -                                                                -                     +
+             -           -       -         -               -             -         -                           -                                                                -                     +
+             -           -       -         -               -             -                                                                                                      -        -------------+
+             -           -       -         -               -             -                               -----D--                                                               -                     +
+             -           -       -         -               -             -                                                                                                      -                     +
+             -           -       -         -               -             -                                                                                                      -                     +
+             -           -       -                         -             -                                                                                                      -                     +
+             -           -       -                         -             -                                                                                                      -                     +
+             -           -       -                         -             -                                                                                                      -                     +
+             -           -  -    -                         -             -                                                                                                      -                     +
+             -           -  -    -                         -             -                                -                                                                     -                    -+
+             -           -  -    -                         -             -                                -                                                                                          -+
+             -           -  -    -                         -                                 -            D                                                                                          -+
+                         -  -    -                         -                                 -            -                                                                        -                 -+
+                         -  -    -                         -                                 -            -                                                                        -                 -+
+                         -  -    -                         -                                 -            -                                                                        -                 -+
+                         -  -    -                         -                                 -            -                                                                        -                 -+
+                         -  -    -                         -                                 -            -                                                                        -                 -+
+                         -  -    -             -           -                                 -            -                                                                        -                 -+
+                         -  -    -             -           -                                 -                                                                                     -                 -+
+                         -  -    -             -           -                                 -                                                                                     -                 -+
+                         -  -    -             -           -       -          ---            -             -                                                                       -                 -+
+                         -  -    -             -           -       -                         -             -                                     -                                 -                 -+
+                         -  -    -             -           -       -                         -             -                                     -                                 -                 -+
+                         -  -    -             -           -       -                         -             -                                     -                                 -                 -+
+                         -  -    -             -           -       -                         -             -                                     -                                 -                 -+
+                         -  -    -         -----------------------------                     -             -                                     -                                 -                 -+
+                         -  -    -             -           -       -                         -     -------------D-------------------             -                                 -                 -+
+                         -  -    -             -           -       -                         -             -                                     -                                 -                 -+
+                         -  -    -             -           -       -                         -             -                                     -                                 -   --------      -+
+                         -  -    -             -           -       -                         -             -                                     D                                 -                 -+
+                         -  -    -             -           - -     -                         -             -                                     -                                 -                 -+
+                            -    -             -           - -     -                         -             -                                     -         ------D---------------  -                 -+
+                            -    -             -           - -     -                                       -                                     -                                 -                 -+
+                            -                  -           - -                                             -                                     -                                 -                 -+
+                            -                  -           - -                                             -                                     -                                 -                 -+
+       -                    -                  -           - -                                             -                                     -                                 -                 -+
+                            -                  -             -                                             -                                     -                                 -                 -+
+                            -                  -      -D-    -                                             -                                     -                                 -                 -+
+                            -                  -             -                                             -                                     -                                 -                 -+
+                            -                  -    -----------------------                                -                                                        -              -                 -+
+                            -                  -             -                                                                                                      -              -                 -+
+                            -                  -             -                                                         -                                            -              -                 -+
+                            -                  -             -                                                         -                                            -                                -+
+                            -                  -             -               --------------------------------------------                                           -                                -+
+                    -       -                  -             -                                                                                                      -                                -+
+                    -       -                  -             -                                                        -----------------------                       -                                -+
+                    -                          -             -                        -                                                                             -                                -+
+                    -                          -             -                        -                                                                             -                                -+
+                    -                          -             -                    ----------------------------------                                                -                                -+
+           -        -                          -             -       -------------    -                                                                             -                                -+
+           -        -                          -             -                        -                                                                             -                                -+
+           -        -            ----------------------------------------             -                                                                             -                                -+
+           -        -                          -             -                        -                                                                             -                                -+
+           -        -                          -             -                        -                                                                             -                                -+
+           -        -                          -             -                        D                                                                             -                                -+
+           -        -                          -             -                        -                                                                             -                                 +
+           -        -                          -             -                        -                                                                             -                                 +
+           -        -                          -             -                        -                                           -                                 -                                 +
+           -------------------------           -             -                        -                     --                    -                                                                   +
+                    -                          -             -                        -                                           -                                                                   +
+                    -                ---------------  T      -                        -                                           -                                                                   +
+     -------------------------------------------             -                                                                    -                                                                   +
+                    -                      -------           -                                                                    -                                                                   +
+                    -                          -             -                                                                    -                                                                   +
+                    -                          D             -                                                                    -                                                                   +
+                    -                          -             -                                                                    -                                                                   +
+                    -                                        -                                        -                           -                                                                   +
+      -             -                                        -                                        -                           -                                                                   +
+      -             -                                        -         -                              -                           -                                                                   +
+      -             -                                        -         -                              -                           -                                                                   +
+      -             -                                        -         -                              -                           -                                                                   +
+      -             -                                        -         -                              -                           -                                                                   +
+                    -                                        -         -                              -                           -                                                                   +
+                    -                                        -         -                              -                           -                                                                   +
+                    -                                        -         -                              -                           -                                                                   +
+                    -                                                  -                                                          -                                                                   +
+                    -                                                  -                                                          -                                                                   +
+                    -                                                  -                                                          -                                                                   +
+                    -                                                  -                                                          -                                                                   +
+                --------------------------------------------           -                                                          -                                                                   +
+                    -                                                  -                                                          -                                                                   +
+                    -                                                  -                                                          -                                                                   +
+                    -                                                  -                                                          -                                                                   +
+       -------------------                                             -                                                          -    -                                                        ------+
+                    -                                                  -                                                          -    -                                                              +
+                    -                                                  -                                                          -    -                                                              +
+                    -                                                  -                                                          -    -                                                              +
+                    -                                                  -                                                          -    -                                                              +
+                    -                                                  -                                                          -    -                                                              +
+                    -          -------------D----                      -                                                          -    -  -                                                           +
+                                                                       -                                                          -    -  -                                                           +
+                                                                       -                                                          -    -  -                                                           +
+                                                          -            -                                                          -    -  -                                                           +
+                                                          -            -                                                          -    -  -                                                           +
+                                                          D            -                                                          -    -  -                                                           +
+                                                                       -                                                          -    -  -                                     ----------------------+
+                                                                       -                                                          -    -  -                                                           +
+                                                                       -                                                          -       -                                                           +
+                                                                       -                                                          -       -                                                           +
+                                                                                                                                  -       -                                                          -+
+                                                                                                                                  -       -                                                           +
+                                                                                                                                  -       -    -                                                      +
+                      --------------------------------------------                                                                -       -    D                                                      +
+                                                                                                                                               -                                                      +
+                                                                                       -D                                               ----------------    ---------------------D------------        +
+                                                                                                                                               -                                                      +
+                                                                                                                                               -                                                      +
+                                                                                                                                               -                                                      +
+                                                                                                                                               -                                                      +
+                                                                                                                                               -                                                      +
+                          -                                                                                                                    -                                                      +
+                          -                                                                                                                    -                                                      +
+                          D                                                                                                                                                                           +
+                                                                                                                                                                                                      +
+                                                                                                                                                                                                      +
+                                                                                                                                                                                                      +
+                                                                                                                                                                                                      +
+                                                      --------------------D-----------                                                      -----------------------                                   +
+                                                                                                                                                                                                      +
+                                                                                                                                                                                                      +
+                                                                                                ---------------                                                                                       +
+                                                                                                                                                      ------------------------------------------      +
+                                                         --------------                                                                                                                               +
+                                                                                                                                                                                                      +
+                                                                                                                                                                                                      +
+                                                                -                                                                                                                                     +
+                                                                -                                                                                                                                     +
+                                                                -                                                                                                                                     +
+                                                                -                                                                                                                                     +
+                                                                -                                                                                                                                     +
+                                                                -                                                                                                                                     +
+                        -------------------D----------------------                                                                                                                                    +
+                                                                -                                                                                                                                     +
+                                                                -                                                                                      -                                              +
+                                                                -                                                                                      -                                              +
+           -                                                    -                                                                                      -                                              +
+           -                                                    -                                                                                      -                                              +
+           -                                                    -                                                                                      -                                              +
+           -                                                    -                                                                                      -                                              +
+           -                                                    -                                                                                      -                                              +
+           -                                                    -                                                                                      -                                         ---  +
+           -                                                    -                                                                                      -                                              +
+                                                                -                                                                                      -               -                              +
+                                                                -                                                                                      -               -                              +
+                                                 -              -                                                                                      -               -                              +
+             -                                   -              -                                                                                      -               -                              +
+             -                                   -              -                                                                                      -               --  -                          +
+             -                                   -              -                                                                                      -               --  -                          +
+             -                      -            -              -                                                                                      -               --  -                          +
+             -                      -            D              -                                                                                      -               --  -                          +
+             -                      -            -              -                                                                                      -               --  -                          +
+             -                      -            -                                                                                            ------   -               -D  -                          +
+             -                      -            -                                     ----------D------------------                                   -               --  -                          +
+             -                      -            -                                                                                                     -               --  -                          +
+             -                      -            -                                                                                                     -               --  -                          +
+             -                      -            -                                                              ---------                              -               D-  -                          +
+             -                      -            -                                                                                                     -               --  -                          +
+             -                      -            -                                                                                                     -               --  -                          +
+             -                      -            -                                  -D                                                                 -               --  -                          +
++++++++++++++++++++++++++++++++++++++++++++++++++++++++++++++++++++++++++++++++++++++++++++++++++++++++++++++++++++++++++++++++++++++++++++++++++++++++++++++++++++++++++++++++++++++++++++++++++++++++
